\BOOKMARK [1][-]{section.1}{\376\377\000C\000o\000m\000e\000\040\000l\000e\000g\000g\000e\000r\000e\000\040\000l\000a\000\040\000g\000e\000r\000a\000r\000c\000h\000i\000a}{}% 1
\BOOKMARK [1][-]{section.2}{\376\377\000I\000t\000e\000r\000a\000b\000l\000e\000\040\000e\000\040\000I\000t\000e\000r\000a\000t\000o\000r}{}% 2
\BOOKMARK [1][-]{section.3}{\376\377\000C\000o\000l\000l\000e\000c\000t\000i\000o\000n\000:\000\040\000o\000p\000e\000r\000a\000z\000i\000o\000n\000i\000\040\000c\000o\000m\000u\000n\000i}{}% 3
\BOOKMARK [1][-]{section.4}{\376\377\000L\000i\000s\000t\000,\000\040\000A\000r\000r\000a\000y\000L\000i\000s\000t\000\040\000e\000\040\000L\000i\000n\000k\000e\000d\000L\000i\000s\000t}{}% 4
\BOOKMARK [2][-]{subsection.4.1}{\376\377\000L\000i\000s\000t}{section.4}% 5
\BOOKMARK [2][-]{subsection.4.2}{\376\377\000A\000r\000r\000a\000y\000L\000i\000s\000t}{section.4}% 6
\BOOKMARK [2][-]{subsection.4.3}{\376\377\000L\000i\000n\000k\000e\000d\000L\000i\000s\000t\000,\000\040\000Q\000u\000e\000u\000e\000\040\000e\000\040\000D\000e\000q\000u\000e}{section.4}% 7
\BOOKMARK [1][-]{section.5}{\376\377\000S\000e\000t\000,\000\040\000H\000a\000s\000h\000S\000e\000t\000\040\000e\000\040\000T\000r\000e\000e\000S\000e\000t}{}% 8
\BOOKMARK [2][-]{subsection.5.1}{\376\377\000S\000e\000t}{section.5}% 9
\BOOKMARK [2][-]{subsection.5.2}{\376\377\000H\000a\000s\000h\000S\000e\000t}{section.5}% 10
\BOOKMARK [2][-]{subsection.5.3}{\376\377\000T\000r\000e\000e\000S\000e\000t}{section.5}% 11
\BOOKMARK [1][-]{section.6}{\376\377\000M\000a\000p\000,\000\040\000H\000a\000s\000h\000M\000a\000p\000\040\000e\000\040\000T\000r\000e\000e\000M\000a\000p}{}% 12
\BOOKMARK [2][-]{subsection.6.1}{\376\377\000M\000a\000p}{section.6}% 13
\BOOKMARK [2][-]{subsection.6.2}{\376\377\000H\000a\000s\000h\000M\000a\000p}{section.6}% 14
\BOOKMARK [2][-]{subsection.6.3}{\376\377\000T\000r\000e\000e\000M\000a\000p}{section.6}% 15
\BOOKMARK [1][-]{section.7}{\376\377\000C\000o\000m\000p\000a\000r\000a\000b\000l\000e\000\040\000e\000\040\000C\000o\000m\000p\000a\000r\000a\000t\000o\000r}{}% 16
\BOOKMARK [1][-]{section.8}{\376\377\000U\000t\000i\000l\000i\000t\000y\000\040\000s\000t\000a\000t\000i\000c\000h\000e\000:\000\040\000C\000o\000l\000l\000e\000c\000t\000i\000o\000n\000s\000\040\000e\000\040\000A\000r\000r\000a\000y\000s}{}% 17
\BOOKMARK [2][-]{subsection.8.1}{\376\377\000C\000o\000l\000l\000e\000c\000t\000i\000o\000n\000s}{section.8}% 18
\BOOKMARK [2][-]{subsection.8.2}{\376\377\000A\000r\000r\000a\000y\000s}{section.8}% 19
\BOOKMARK [1][-]{section.9}{\376\377\000S\000t\000r\000e\000a\000m\000,\000\040\000l\000a\000m\000b\000d\000a\000\040\000e\000\040\000C\000o\000l\000l\000e\000c\000t\000o\000r\000s}{}% 20
\BOOKMARK [2][-]{subsection.9.1}{\376\377\000C\000o\000m\000e\000\040\000f\000u\000n\000z\000i\000o\000n\000a\000\040\000u\000n\000a\000\040\000p\000i\000p\000e\000l\000i\000n\000e\000\040\000S\000t\000r\000e\000a\000m}{section.9}% 21
\BOOKMARK [2][-]{subsection.9.2}{\376\377\000O\000p\000e\000r\000a\000z\000i\000o\000n\000i\000\040\000t\000e\000r\000m\000i\000n\000a\000l\000i\000\040\000u\000s\000a\000t\000e\000\040\000n\000e\000g\000l\000i\000\040\000e\000s\000a\000m\000i}{section.9}% 22
\BOOKMARK [2][-]{subsection.9.3}{\376\377\000f\000l\000a\000t\000M\000a\000p\000\040\000e\000\040\000C\000o\000l\000l\000e\000c\000t\000o\000r\000s}{section.9}% 23
\BOOKMARK [1][-]{section.10}{\376\377\000A\000l\000t\000r\000e\000\040\000u\000t\000i\000l\000i\000t\000y\000\040\000r\000i\000c\000o\000r\000r\000e\000n\000t\000i}{}% 24
\BOOKMARK [2][-]{subsection.10.1}{\376\377\000O\000b\000j\000e\000c\000t\000s\000.\000r\000e\000q\000u\000i\000r\000e\000N\000o\000n\000N\000u\000l\000l}{section.10}% 25
\BOOKMARK [1][-]{section.11}{\376\377\000T\000a\000b\000e\000l\000l\000a\000\040\000d\000i\000\040\000s\000c\000e\000l\000t\000a\000\040\000r\000a\000p\000i\000d\000a}{}% 26
\BOOKMARK [1][-]{section.12}{\376\377\000E\000r\000r\000o\000r\000i\000\040\000t\000i\000p\000i\000c\000i\000\040\000d\000'\000e\000s\000a\000m\000e}{}% 27
